1:1	PUNCTUATION	109	[
2:1	PUNCTUATION	110	]
3:1	PUNCTUATION	111	(
4:1	PUNCTUATION	112	)
5:1	PUNCTUATION	113	,
6:1	PUNCTUATION	114	:
7:1	PUNCTUATION	116	..
7:3	PUNCTUATION	115	.
8:1	PUNCTUATION	117	;
9:1	OPERATOR	118	+
10:1	OPERATOR	120	:=
11:1	OPERATOR	122	/
12:1	OPERATOR	123	=
13:1	OPERATOR	124	>
14:1	OPERATOR	125	>=
15:1	OPERATOR	127	<
16:1	OPERATOR	128	<=
17:1	OPERATOR	130	<>
18:1	OPERATOR	131	*
19:1	OPERATOR	136	-
20:1	OPERATOR	138	^
21:1	OPERATOR	139	@
22:1	END_OF_FILE	0	
