1:1	LITERAL	108	37
1:5	OPERATOR	118	+
1:7	LITERAL	108	20
1:14	OPERATOR	118	+
1:16	LITERAL	106	6
2:1	END_OF_FILE	0	
