1:1	IDENTIFICATOR	54	PROGRAM
1:9	IDENTIFICATOR	45	NAME
1:13	PUNCTUATION	117	;
2:1	END_OF_FILE	0	
