1:1	PUNCTUATION	112	[
1:2	LITERAL	106	1
1:3	PUNCTUATION	121	..
1:5	LITERAL	86	10
1:7	PUNCTUATION	113	]
2:1	END_OF_FILE	0	
