1:5	OPERATOR	136	*
1:6	PUNCTUATION	117	)
2:6	PUNCTUATION	115	}
4:1	END_OF_FILE	0	
