Unexpected token '' in pos (2, 1); expected 'SEMICOLON';
