Unexpected end of file in pos (3, 1); expected '':'';
