Unexpected token ':' in pos (2, 7); expected '`identifier`';
