Unexpected end of file in pos (4, 1); expected '`identifier`';
