<func table>:
<type table>:
BOOLEAN
CHAR
INTEGER
REAL
<var table>:
ID:V:INTEGER:
PI:C:REAL:3.1415926535897932385
<block statement>:
------------------
