Illegal expression: '1' in pos (1, 3); expected 'IDENTIFICATOR';
