Illegal expression: '(' in pos (1, 3); expected 'IDENTIFICATOR';
