<function table>
</function table>
<type table>
   <type>BOOLEAN</type>
   <type>CHAR</type>
   <type>INTEGER</type>
   <type>REAL</type>
</type table>
<var table>
   <var>ARR:V:ARRAY[13:29] OF ARRAY[7:11] OF INTEGER</var>
   <var>PI:C:REAL:3.1415926535897932385</var>
</var table>
<block statement>
</block statement>
