Unexpected token '=' in pos (2, 26); expected '';'';
