   3
      4
   MOD
      I
[
      C
   .
         2
      [
         A

