         1
      -
         M
   *
         3
      +
         1
[
   ARR
