Unexpected end of file in pos (2, 1); expected ')';
