<function table>
   <function><name>BAR</name>
      <return type>INTEGER</return type>
      <params>
         <param>ID:p:^(BOOLEAN):NIL</param>
      </params>
      <body>
      </body>
   </function>
</function table>
<type table>
   <type>BOOLEAN</type>
   <type>CHAR</type>
   <type>INTEGER</type>
   <type>REAL</type>
</type table>
<var table>
   <var>PI:C:REAL:3.1415926535897932385</var>
</var table>
<block statement>
</block statement>
