Unexpected token ':' in pos (1, 34); expected '';'';
