<func table>:
<type table>:
BOOLEAN
CHAR
INTEGER
REAL
TMP_T=BOOLEAN
<var table>:
PI:C:REAL:3.1415926535897932385
<block statement>:
------------------
