<func table>:
<procedure>:FOO
   <params>:
      ELEM:p:INTEGER:
      RES:o:BOOLEAN:
   <body>:
   <end>

<function>:FOO
   <return's type>:
      INTEGER
   <params>:
      C:c:<untyped>:TRUE
      V:v:INTEGER:
   <body>:
   <end>

<type table>:
BOOLEAN
CHAR
INTEGER
REAL
<var table>:
PI:C:REAL:3.1415926535897932385
<block statement>:
------------------
