<function table>
</function table>
<type table>
   <type>BOOLEAN</type>
   <type>CHAR</type>
   <type>INTEGER</type>
   <type>REAL</type>
</type table>
<var table>
   <var>PI:C:REAL:3.1415926535897932385</var>
</var table>
<block statement>
   <assignment statement>
      <variable>
         V

      </variable>
      <value>
         10

      </value>
   </assignment statement>
</block statement>
