Unexpected end of file in pos (5, 1); expected 'END';
