Unexpected end of file in pos (6, 1); expected '';'';
