<function table>
</function table>
<type table>
   <type>BOOLEAN</type>
   <type>CHAR</type>
   <type>INTEGER</type>
   <type>
      RC=
         <record>
            <field>CH:V:CHAR</field>
            <field>X:V:REAL</field>
            <field>Y:V:REAL</field>
            <field>Z:V:REAL</field>
         </record>
   </type>
   <type>REAL</type>
</type table>
<var table>
   <var>ID:V:RC=
   <record>
      <field>CH:V:CHAR</field>
      <field>X:V:REAL</field>
      <field>Y:V:REAL</field>
      <field>Z:V:REAL</field>
   </record></var>
   <var>PI:C:REAL:3.1415926535897932385</var>
</var table>
<block statement>
</block statement>
