<function table>
</function table>
<type table>
   <type>BOOLEAN</type>
   <type>CHAR</type>
   <type>INTEGER</type>
   <type>REAL</type>
</type table>
<var table>
   <var>L:V:REAL:62.831850</var>
   <var>PI:C:REAL:3.1415926535897932385</var>
   <var>R:C:INTEGER:10</var>
</var table>
<block statement>
</block statement>
