<function table>
   <procedure><name>FOO</name>
      <params>
         <param>V:p:ARRAY OF BOOLEAN</param>
      </params>
      <body>
      </body>
   </procedure>
   <procedure><name>FOO</name>
      <params>
         <param>V:p:ARRAY OF CHAR</param>
      </params>
      <body>
      </body>
   </procedure>
</function table>
<type table>
   <type>BOOLEAN</type>
   <type>CHAR</type>
   <type>INTEGER</type>
   <type>REAL</type>
</type table>
<var table>
   <var>PI:C:REAL:3.1415926535897932385</var>
</var table>
<block statement>
</block statement>
