Unexpected token 'END' in pos (3, 1); expected '`variable`';
