Unexpected token 'END' in pos (5, 1); expected 'DO';
