Unexpected token '1' in pos (1, 3); expected '`identifier`';
