Unexpected token '[' in pos (1, 3); expected 'IDENTIFIER';
