   3
      I
   @
[
      C
   .
         2
      [
         A
