1:1	IDENTIFICATOR	1	ABSOLUTE
2:1	IDENTIFICATOR	2	ABSTRACT
3:1	IDENTIFICATOR	3	ARRAY
4:1	IDENTIFICATOR	4	AS
5:1	IDENTIFICATOR	5	ASM
6:1	IDENTIFICATOR	6	BEGIN
7:1	IDENTIFICATOR	7	BREAK
8:1	IDENTIFICATOR	8	FALSE
9:1	IDENTIFICATOR	9	TRUE
10:1	IDENTIFICATOR	10	CASE
11:1	IDENTIFICATOR	11	CLASS
12:1	IDENTIFICATOR	12	CONST
13:1	IDENTIFICATOR	13	CONSTRUCTOR
14:1	IDENTIFICATOR	14	CONTAINS
15:1	IDENTIFICATOR	15	CONTINUE
16:1	IDENTIFICATOR	16	DEFAULT
17:1	IDENTIFICATOR	17	DESTRUCTOR
18:1	IDENTIFICATOR	18	DO
19:1	IDENTIFICATOR	19	DOWNTO
20:1	IDENTIFICATOR	20	ELSE
21:1	IDENTIFICATOR	21	END
22:1	IDENTIFICATOR	22	EXCEPT
23:1	IDENTIFICATOR	23	EXPORT
24:1	IDENTIFICATOR	24	EXPORTS
25:1	IDENTIFICATOR	25	EXTERNAL
26:1	IDENTIFICATOR	26	EXIT
27:1	IDENTIFICATOR	27	FILE
28:1	IDENTIFICATOR	28	FINALIZATION
29:1	IDENTIFICATOR	29	FINALLY
30:1	IDENTIFICATOR	30	FOR
31:1	IDENTIFICATOR	31	FORWARD
32:1	IDENTIFICATOR	32	FUNCTION
33:1	IDENTIFICATOR	33	GENERIC
34:1	IDENTIFICATOR	34	GOTO
35:1	IDENTIFICATOR	35	IF
36:1	IDENTIFICATOR	36	IMPLEMENTATION
37:1	IDENTIFICATOR	37	INDEX
38:1	IDENTIFICATOR	38	INHERITED
39:1	IDENTIFICATOR	39	INITIALIZATION
40:1	IDENTIFICATOR	40	INLINE
41:1	IDENTIFICATOR	41	INTERFACE
42:1	IDENTIFICATOR	42	IS
43:1	IDENTIFICATOR	43	LABEL
44:1	IDENTIFICATOR	44	LIBRARY
45:1	IDENTIFICATOR	45	NAME
46:1	IDENTIFICATOR	46	OBJECT
47:1	IDENTIFICATOR	47	OF
48:1	IDENTIFICATOR	48	ON
49:1	IDENTIFICATOR	49	OPERATOR
50:1	IDENTIFICATOR	50	OVERRIDE
51:1	IDENTIFICATOR	51	PACKED
52:1	IDENTIFICATOR	52	PRIVATE
53:1	IDENTIFICATOR	53	PROCEDURE
54:1	IDENTIFICATOR	54	PROGRAM
55:1	IDENTIFICATOR	55	PROPERTY
56:1	IDENTIFICATOR	56	PROTECTED
57:1	IDENTIFICATOR	57	PUBLIC
58:1	IDENTIFICATOR	58	PUBLISHED
59:1	IDENTIFICATOR	59	RAISE
60:1	IDENTIFICATOR	60	READ
61:1	IDENTIFICATOR	61	READLN
62:1	IDENTIFICATOR	62	RECORD
63:1	IDENTIFICATOR	63	REPEAT
64:1	IDENTIFICATOR	64	REINTRODUCE
65:1	IDENTIFICATOR	65	SET
66:1	IDENTIFICATOR	66	SPECIALIZE
67:1	IDENTIFICATOR	67	THEN
68:1	IDENTIFICATOR	68	THREADVAR
69:1	IDENTIFICATOR	69	TO
70:1	IDENTIFICATOR	70	TRY
71:1	IDENTIFICATOR	71	TYPE
72:1	IDENTIFICATOR	72	UNIT
73:1	IDENTIFICATOR	73	UNTIL
74:1	IDENTIFICATOR	74	USES
75:1	IDENTIFICATOR	75	VAR
76:1	IDENTIFICATOR	76	VIEW
77:1	IDENTIFICATOR	77	VIRTUAL
78:1	IDENTIFICATOR	78	WHILE
79:1	IDENTIFICATOR	79	WITH
80:1	IDENTIFICATOR	80	WRITE
81:1	IDENTIFICATOR	81	WRITELN
82:1	IDENTIFICATOR	82	BYTE
83:1	IDENTIFICATOR	83	SHORTINT
84:1	IDENTIFICATOR	84	SMALLINT
85:1	IDENTIFICATOR	85	WORD
86:1	IDENTIFICATOR	108	INTEGER
87:1	IDENTIFICATOR	86	CARDINAL
88:1	IDENTIFICATOR	87	LONGINT
89:1	IDENTIFICATOR	88	LONGWORD
90:1	IDENTIFICATOR	89	INT64
91:1	IDENTIFICATOR	90	QWORD
92:1	IDENTIFICATOR	91	REAL
93:1	IDENTIFICATOR	92	SINGLE
94:1	IDENTIFICATOR	93	DOUBLE
95:1	IDENTIFICATOR	94	EXTENDED
96:1	IDENTIFICATOR	95	COMP
97:1	IDENTIFICATOR	96	CURRENCY
98:1	IDENTIFICATOR	97	BOOLEAN
99:1	IDENTIFICATOR	98	BYTEBOOL
100:1	IDENTIFICATOR	99	WORDBOOL
101:1	IDENTIFICATOR	100	LONGBOOL
102:1	IDENTIFICATOR	101	CHAR
103:1	IDENTIFICATOR	102	WIDECHAR
104:1	IDENTIFICATOR	103	PCHAR
105:1	LITERAL	104	NIL
106:1	OPERATOR	119	AND
107:1	OPERATOR	121	DIV
108:1	OPERATOR	126	IN
109:1	OPERATOR	129	MOD
110:1	OPERATOR	132	NOT
111:1	OPERATOR	133	OR
112:1	OPERATOR	134	SHL
113:1	OPERATOR	135	SHR
114:1	OPERATOR	137	XOR
115:1	END_OF_FILE	0	
