1:1	LITERAL	105	12345.67890
2:1	LITERAL	106	abcde
3:1	LITERAL	106	a
4:1	LITERAL	108	1234567890
5:1	OPERATOR	139	@
5:2	IDENTIFIER	144	KEY
6:1	LITERAL	106	4
7:1	LITERAL	106	5
8:1	LITERAL	108	542
9:1	LITERAL	108	9
10:1	LITERAL	108	2302458
17:1	END_OF_FILE	0	
