1:5	OPERATOR	131	*
1:6	PUNCTUATION	112	)
3:6	UNDEFINED	0	}
