1:1	LITERAL	108	11
1:4	OPERATOR	118	+
1:5	LITERAL	108	22
1:8	OPERATOR	136	-
1:9	LITERAL	108	13
1:12	OPERATOR	122	/
1:14	LITERAL	108	25
3:1	IDENTIFIER	144	_STR
3:6	OPERATOR	123	=
3:8	LITERAL	106	abc
3:13	OPERATOR	118	+
3:14	LITERAL	106	def
3:19	OPERATOR	118	+
3:20	LITERAL	106	
3:23	OPERATOR	118	+
3:24	LITERAL	106	
4:1	IDENTIFIER	144	_STR
4:6	OPERATOR	123	=
4:8	LITERAL	106	&-abs
5:1	END_OF_FILE	0	
