1:1	IDENTIFIER	0	A
1:2	PUNCTUATION	115	.
1:3	IDENTIFIER	0	B
1:4	PUNCTUATION	109	[
1:5	PUNCTUATION	110	]
2:1	END_OF_FILE	0	
