1:1	IDENTIFIER	30	FOR
1:5	IDENTIFIER	0	I
1:7	OPERATOR	120	:=
1:10	LITERAL	108	1
1:12	IDENTIFIER	69	TO
1:15	LITERAL	108	10
1:18	IDENTIFIER	18	DO
2:1	END_OF_FILE	0	
