1:1	IDENTIFIER	78	WHILE
1:7	PUNCTUATION	111	(
1:8	IDENTIFIER	9	TRUE
1:12	PUNCTUATION	112	)
2:1	END_OF_FILE	0	
