1:1	IDENTIFICATOR	54	PROGRAM
1:9	IDENTIFICATOR	0	HELLOWORLD
1:19	PUNCTUATION	117	;
2:1	IDENTIFICATOR	75	VAR
2:5	IDENTIFICATOR	0	MAS
2:9	PUNCTUATION	114	:
2:11	IDENTIFICATOR	3	ARRAY
2:17	PUNCTUATION	109	[
2:18	LITERAL	105	1
2:19	PUNCTUATION	116	..
2:21	LITERAL	108	10
2:23	PUNCTUATION	110	]
2:25	IDENTIFICATOR	47	OF
2:28	IDENTIFICATOR	101	CHAR
2:32	PUNCTUATION	117	;
3:5	IDENTIFICATOR	0	INT
3:9	PUNCTUATION	114	:
3:11	IDENTIFICATOR	108	INTEGER
3:18	PUNCTUATION	117	;
4:5	IDENTIFICATOR	0	R
4:7	PUNCTUATION	114	:
4:9	IDENTIFICATOR	91	REAL
4:13	PUNCTUATION	117	;
5:1	IDENTIFICATOR	6	BEGIN
6:5	IDENTIFICATOR	0	INT
6:9	OPERATOR	120	:=
6:12	LITERAL	108	1
6:13	PUNCTUATION	117	;
7:5	IDENTIFICATOR	0	MAS
7:8	PUNCTUATION	109	[
7:9	LITERAL	108	2
7:10	PUNCTUATION	110	]
7:12	OPERATOR	120	:=
7:15	LITERAL	106	a
7:18	PUNCTUATION	117	;
8:5	IDENTIFICATOR	0	R
8:7	OPERATOR	120	:=
8:10	LITERAL	105	3.1415
8:16	PUNCTUATION	117	;
9:5	IDENTIFICATOR	81	WRITELN
9:12	PUNCTUATION	111	(
9:13	LITERAL	106	111111
9:21	PUNCTUATION	113	,
9:23	IDENTIFICATOR	0	MAS
9:26	PUNCTUATION	109	[
9:27	LITERAL	108	2
9:28	PUNCTUATION	110	]
9:29	PUNCTUATION	112	)
9:30	PUNCTUATION	117	;
10:5	IDENTIFICATOR	81	WRITELN
10:12	PUNCTUATION	111	(
10:13	LITERAL	106	57
10:21	PUNCTUATION	112	)
10:22	PUNCTUATION	117	;
11:1	IDENTIFICATOR	21	END
11:4	PUNCTUATION	115	.
12:1	END_OF_FILE	0	
